                        ; --------------------------------------
                        ; zasm: assemble "pc1600-rom-dumper.asm"
                        ; date: 2026-10-07 09:15:51
                        ; --------------------------------------


                        ; ============================================================================
                        ; PC-1600 ROM Bank Dumper
                        ;
                        ; Menu-driven Z-80 ML program for the Sharp PC-1600:
                        ;
                        ;   1 = SWEEP -- pages every Z-80-addressable bank of pages 1 and 2 into the
                        ;       CPU's address space in turn and shows two short hex samples on the
                        ;       LCD (4000H/6000H or 8000H/A000H, where module headers sit), pausing
                        ;       for a keypress between screens. Diagnostic tool: confirms which
                        ;       banks hold real ROM vs. open bus, and lets you eyeball a bank's
                        ;       content before committing to a full dump.
                        ;
                        ;   2 = DUMP+SEND -- pages in the 7 banks confirmed to hold real ROM content
                        ;       (see dump_table below), shows a 16-bit checksum per page, and on a
                        ;       keypress sends the full 16KB page out over COM1: via the serial
                        ;       IOCS (CSNDA). Press S to skip a page instead of sending it. COM1:
                        ;       itself must already be configured (SETCOM/OUTSTAT/SNDSTAT/RCVSTAT/
                        ;       INIT) from BASIC before this program is CALLed -- see
                        ;       DUMPING.md for the exact sequence. This
                        ;       program only calls CSNDA; it never touches CWCOM/CESND/CCLRSB.
                        ;
                        ;   4 = OTHER BANKS -- same UX as DUMP+SEND for every other bank that
                        ;       could hold a peripheral ROM: page 1 banks 1, 2, 6, 7 (the 60-pin
                        ;       bus banks the reset scan SCANMODS probes, besides the CE-1600P's
                        ;       4/5 and the internal 0/3), page 2 banks 0-3 (memory slots, e.g. a
                        ;       CE-1620M ROM cartridge; vertical bank 0 only, Port 28H untouched),
                        ;       bank 4 plain and with Port 3DH = 02H (the JAPAN/kanji ROM view the
                        ;       firmware's SELJROM selects), 5 and 7. Pages that read all FFH say
                        ;       so on the send prompt, so empty banks are easy to skip.
                        ;
                        ;   3 = LH5803 ROM -- dumps the LH-5803 co-processor's own private 16KB ROM
                        ;       (LH-5803 view C000H-FFFFH), which no Z-80 bank-switching combination
                        ;       can reach -- it's the *other* half of the same physical chip as
                        ;       Bank 6/CS123, addressed only from the LH-5803's own side. Reached
                        ;       via the CALLH bridge (CALL 01C6H): a 2-byte LH-5801 stub (`lda (x)`
                        ;       / `rtn`) placed in the shared 4000-7FFF/C000-FFFF RAM fetches one
                        ;       byte per round-trip, using X as the source pointer and A/PARA as
                        ;       the return path. Same checksum-then-keypress-then-send UX as
                        ;       DUMP+SEND, but as a single fixed 16KB region rather than 7 banks.
                        ;
                        ; Runs entirely from C000-FFFF (page 3, bank 0 -- never touched by this
                        ; program) so paging banks into 4000-7FFF/8000-BFFF never disturbs the code
                        ; that is doing the paging. Page 3 bank 1 (Port 31H b7) and the Slot 2
                        ; remap into pages 0/1 (Port 3CH) are therefore out of reach, and hold no
                        ; known ROM anyway. All display/IOCS calls used here live in the
                        ; always-resident bank 0 (0000-3FFF), so they too are unaffected.
                        ;
                        ; Assumes the machine is already NEW'd with enough S0: space to hold this
                        ; program; DUMPING.md gives the load sequence.
                        ;
                        ; Hardware note -- Port 3DH (hidden-BASIC-ROM sub-bank select, bit b2):
                        ; clearing b2 selects Bank 3b instead of Bank 3 at 4000-7FFF. This port is
                        ; write-only. Getting a correct read of Bank 3/3b requires two things this
                        ; program does everywhere it touches the port:
                        ; write-only; the firmware keeps its current value in RAM at F07DH. The
                        ; IM2 interrupt entry (082CH) and every RST 18H / BANKCALL bank switch
                        ; (which all the IOCS calls used here go through) force Port 3DH to 04H
                        ; while they run and then restore it *from F07DH*. So SET_PORT3D writes
                        ; F07DH and the port together, as the ROM itself does; the selection then
                        ; survives interrupts and IOCS calls. A bare OUT (3DH) would be undone by
                        ; the next interrupt (F07DH still says 04H) -- the cause of the early
                        ; "Bank 3b reads identical to Bank 3" results.
                        ; ============================================================================
                        
                        #target bin
                        
                        ; ---- IOCS entry points (TRM, all in Bank 0 / always resident) ----
0190:                   BANKSET     equ 0x0190      ; A=bank, B=page(0-3) -> set bank
0193:                   BANKREAD    equ 0x0193      ; B=page -> A=current bank
018D:                   MEMORYCHK   equ 0x018D      ; D=bank, E=addr high byte -> CF=1/A=00 none, CF=0/A=01 RAM, CF=0/A=03 ROM
0112:                   CLS         equ 0x0112
0115:                   CRSRSET     equ 0x0115      ; D=X(0-25), E=Y(0-3)
00EB:                   PRTASTR     equ 0x00EB      ; DE=addr, A=terminator byte -> prints until terminator
0166:                   KEYGET      equ 0x0166      ; waits for a key; CF=0 -> A=key code
                        
                        ; ---- Serial IOCS gateway (PC-1600-Serial-Commands.md Part 2) ----
01D8:                   SERIAL      equ 0x01D8      ; C=routine#, D=channel(1=COM1:) as needed -> dispatch
0003:                   S_CSNDA     equ 0x03        ; A=byte to send -> CF=1/A=error byte on failure
                        
003D:                   PORT3D      equ 0x3D        ; hidden-BASIC-ROM sub-bank select (bit 2; not readable via IN)
F07D:                   PORT3D_M    equ 0xF07D      ; firmware's copy of Port 3DH; interrupts/bank calls restore from it
                        
                        ; ---- Z-80 -> LH-5803 bridge (PC-1600-CPU-LH5803-Compat.md Part 3) ----
01C6:                   CALLH       equ 0x01C6      ; hands off to an LH-5803 subroutine, returns when it RTNs
F002:                   CMDZ        equ 0xF002      ; 20H = no params in, 30H = load PARA..PARUH before entry
F005:                   PARA        equ 0xF005      ; -> LH-5803 A on entry; <- LH-5803 A on return
F006:                   PARXL       equ 0xF006      ; -> LH-5803 XL (low byte of the X reg pair)
F007:                   PARXH       equ 0xF007      ; -> LH-5803 XH (high byte)
F00C:                   PARPCL      equ 0xF00C      ; subroutine entry address, low byte (LH-5803-view)
F00D:                   PARPCH      equ 0xF00D      ; subroutine entry address, high byte
F00E:                   PARBAN      equ 0xF00E      ; subroutine bank: 00H = PV(0), 01H = PV(1)
                        
C0C5:                   #code CODE, 0xC0C5
                        
                        ; ============================================================================
                        ; Entry point: menu -- 1 = sweep, 2 = dump+send, 3 = LH5803 ROM,
                        ; 4 = other banks.
C0C5:                   start:
C0C5: CD1201   [17]             call CLS
C0C8: 2173C6   [27]             ld   hl, lbl_menu1
C0CB: CDA4C4   [44]             call show_label
C0CE: 1600     [51]             ld   d, 0
C0D0: 1E01     [58]             ld   e, 1
C0D2: CD1501   [75]             call CRSRSET
C0D5: 2185C6   [85]             ld   hl, lbl_menu2
C0D8: 54       [89]             ld   d, h
C0D9: 5D       [93]             ld   e, l
C0DA: AF       [97]             xor  a
C0DB: CDEB00   [114]            call PRTASTR
                        
C0DE: 1600     [121]            ld   d, 0
C0E0: 1E02     [128]            ld   e, 2
C0E2: CD1501   [145]            call CRSRSET
C0E5: 219AC6   [155]            ld   hl, lbl_menu3
C0E8: 54       [159]            ld   d, h
C0E9: 5D       [163]            ld   e, l
C0EA: AF       [167]            xor  a
C0EB: CDEB00   [184]            call PRTASTR
                        
C0EE: 1600     [191]            ld   d, 0
C0F0: 1E03     [198]            ld   e, 3
C0F2: CD1501   [215]            call CRSRSET
C0F5: 21A7C6   [225]            ld   hl, lbl_menu4
C0F8: 54       [229]            ld   d, h
C0F9: 5D       [233]            ld   e, l
C0FA: AF       [237]            xor  a
C0FB: CDEB00   [254]            call PRTASTR
                        
C0FE:                   menu_wait:
C0FE: CD6601   [17]             call KEYGET
C101: FE31     [24]             cp   '1'
C103: CA17C1   [34|34]          jp   z, sweep_start
C106: FE32     [41]             cp   '2'
C108: CA91C1   [51|51]          jp   z, dump_start
C10B: FE33     [58]             cp   '3'
C10D: CA81C3   [68|68]          jp   z, lh5803_dump_start
C110: FE34     [75]             cp   '4'
C112: CA97C1   [85|85]          jp   z, other_dump_start
C115: 18E7     [97]             jr   menu_wait
                        
                        ; ============================================================================
                        ; Sweep: walk every known bank, page 0/1/2, showing a hex sample on the LCD.
C117:                   sweep_start:
C117: CD1201   [17]             call CLS
                        
                                ; ---- Page 0 sample: bank 0 is always resident, no BANKSET needed ----
C11A: 2125CA   [27]             ld   hl, lbl_page0
C11D: CDA4C4   [44]             call show_label
C120: 3E00     [51]             ld   a, 0                  ; "bank 0" for the BR=/CHK= line (informational only)
C122: 1600     [58]             ld   d, 0
C124: 1E00     [65]             ld   e, 0x00
C126: CDB4C4   [82]             call show_status           ; MEMORYCHK D=0,E=00 -- page-0 bank 0
C129: 210000   [92]             ld   hl, 0x0000
C12C: 1195CB   [102]            ld   de, line_buf
C12F: CD25C5   [119]            call BUILD_HEX_LINE
C132: 1600     [126]            ld   d, 0
C134: 1E02     [133]            ld   e, 2
C136: 2195CB   [143]            ld   hl, line_buf
C139: CD45C5   [160]            call DISPLAY_LINE_AT
C13C: CD6FC5   [177]            call wait_key
                        
                                ; ---- Page 1 sweep ----
C13F: DD2173C5 [191]            ld   ix, page1_table
C143:                   p1_loop:
C143: DD7E00   [19]             ld   a, (ix+0)
C146: FEFF     [26]             cp   0xFF
C148: CA5AC1   [36|36]          jp   z, p2_start
C14B: CD17C4   [53]             call run_page1_entry
C14E: DDE5     [68]             push ix
C150: E1       [78]             pop  hl
C151: 110500   [88]             ld   de, 5      ; page1_table record size: bank,port3d,mode,lbl_lo,lbl_hi
C154: 19       [99]             add  hl, de
C155: E5       [110]            push hl
C156: DDE1     [124]            pop  ix
C158: 18E9     [136]            jr   p1_loop
                        
                        ; ============================================================================
C15A:                   p2_start:
                                ; ---- Page 2 sweep ----
C15A: DD21A1C5 [14]             ld   ix, page2_table
C15E:                   p2_loop:
C15E: DD7E00   [19]             ld   a, (ix+0)
C161: FEFF     [26]             cp   0xFF
C163: CA75C1   [36|36]          jp   z, all_done
C166: CD58C4   [53]             call run_page2_entry
C169: DDE5     [68]             push ix
C16B: E1       [78]             pop  hl
C16C: 110400   [88]             ld   de, 4      ; page2_table record size: bank,port3d,lbl_lo,lbl_hi
C16F: 19       [99]             add  hl, de
C170: E5       [110]            push hl
C171: DDE1     [124]            pop  ix
C173: 18E9     [136]            jr   p2_loop
                        
                        ; ============================================================================
C175:                   all_done:
                                ; Restore known-good defaults before returning to BASIC:
                                ; page 1 -> bank 0, page 2 -> bank 6 (system ROM), hidden-BASIC off.
C175: AF       [ 4]             xor  a
C176: 0601     [11]             ld   b, 1
C178: CD9001   [28]             call BANKSET
C17B: 3E06     [35]             ld   a, 6
C17D: 0602     [42]             ld   b, 2
C17F: CD9001   [59]             call BANKSET
C182: 3E04     [66]             ld   a, 0x04
C184: CDA3C2   [83]             call SET_PORT3D
                        
C187: CD1201   [100]            call CLS
C18A: 2139CA   [110]            ld   hl, lbl_done
C18D: CDA4C4   [127]            call show_label
C190: C9       [137]            ret
                        
                        ; ============================================================================
                        ; Dump+send: page in each of the 7 confirmed-ROM banks in turn, show a
                        ; checksum, wait for a keypress (S = skip, anything else = send), then send
                        ; the full 16KB page over COM1:.
C191:                   dump_start:
C191: DD21C6C5 [14]             ld   ix, dump_table
C195: 1804     [26]             jr   dump_run
                        
                        ; Other banks: the same loop over other_table (menu option 4).
C197:                   other_dump_start:
C197: DD2106C6 [14]             ld   ix, other_table
C19B:                   dump_run:
C19B: CD1201   [17]             call CLS
C19E:                   dump_loop:
C19E: DD7E00   [19]             ld   a, (ix+0)
C1A1: FEFF     [26]             cp   0xFF
C1A3: CAEBC1   [36|36]          jp   z, dump_done
C1A6: CD07C2   [53]             call run_dump_entry
C1A9: 3006     [60|65]          jr   nc, dump_next
C1AB: 32C5CB   [73]             ld   (send_err_code), a     ; CSNDA reported an error -- save the error
C1AE: C3BDC1   [83]             jp   dump_error             ; byte before CLS/show_label clobber A
C1B1:                   dump_next:
C1B1: DDE5     [15]             push ix
C1B3: E1       [25]             pop  hl
C1B4: 110900   [35]             ld   de, 9      ; dump_table record size: bank,port3d,page,base_hi,
                                                 ; base_lo,lbl_lo,lbl_hi,fn_lo,fn_hi
C1B7: 19       [46]             add  hl, de
C1B8: E5       [57]             push hl
C1B9: DDE1     [71]             pop  ix
C1BB: 18E1     [83]             jr   dump_loop
                        
                        ; ============================================================================
C1BD:                   dump_error:
C1BD: CD1201   [17]             call CLS
C1C0: 21B5C6   [27]             ld   hl, lbl_error
C1C3: CDA4C4   [44]             call show_label
C1C6: 217DCB   [54]             ld   hl, status_buf
C1C9: 364523   [70]             ld   (hl), 'E' \ inc hl
C1CC: 365223   [86]             ld   (hl), 'R' \ inc hl
C1CF: 363D23   [102]            ld   (hl), '=' \ inc hl
C1D2: 3AC5CB   [115]            ld   a, (send_err_code)
C1D5: CD59C5   [132]            call hex_byte
C1D8: 3600     [142]            ld   (hl), 0
C1DA: 1600     [149]            ld   d, 0
C1DC: 1E01     [156]            ld   e, 1
C1DE: CD1501   [173]            call CRSRSET
C1E1: 217DCB   [183]            ld   hl, status_buf
C1E4: 54       [187]            ld   d, h
C1E5: 5D       [191]            ld   e, l
C1E6: AF       [195]            xor  a
C1E7: CDEB00   [212]            call PRTASTR
C1EA: C9       [222]            ret
                        
                        ; ============================================================================
C1EB:                   dump_done:
                                ; Restore known-good defaults before returning to BASIC, same as
                                ; Stage 1's all_done:.
C1EB: AF       [ 4]             xor  a
C1EC: 0601     [11]             ld   b, 1
C1EE: CD9001   [28]             call BANKSET
C1F1: 3E06     [35]             ld   a, 6
C1F3: 0602     [42]             ld   b, 2
C1F5: CD9001   [59]             call BANKSET
C1F8: 3E04     [66]             ld   a, 0x04
C1FA: CDA3C2   [83]             call SET_PORT3D
                        
C1FD: CD1201   [100]            call CLS
C200: 2139CA   [110]            ld   hl, lbl_done
C203: CDA4C4   [127]            call show_label
C206: C9       [137]            ret
                        
                        ; ============================================================================
                        ; run_dump_entry: (ix) = { bank, port3d, page, base_hi, base_lo, lbl_lo,
                        ;                           lbl_hi, fn_lo, fn_hi }
                        ;   port3d = 0xFF means "don't touch" (page 0/page 2 entries).
                        ;   page = 0 means "always resident, no BANKSET call" (the page-0 entry).
                        ; Returns: CF/A as SEND_PAGE (CF=1, A=error byte, on a CSNDA failure).
C207:                   run_dump_entry:
C207: DD7E02   [19]             ld   a, (ix+2)              ; page number
C20A: B7       [23]             or   a
C20B: 2808     [30|35]          jr   z, rde_no_bankset      ; page 0 -- always resident, nothing to switch
C20D: 4F       [34]             ld   c, a                   ; c = page number
C20E: DD7E00   [53]             ld   a, (ix+0)              ; a = bank number
C211: 41       [57]             ld   b, c                   ; b = page number
C212: CD9001   [74]             call BANKSET
C215:                   rde_no_bankset:
C215: DD7E01   [19]             ld   a, (ix+1)              ; port3d value, or 0xFF = don't touch
C218: FEFF     [26]             cp   0xFF
C21A: 2002     [33|38]          jr   nz, rde_have_port3d
C21C: 3E04     [40]             ld   a, 0x04                ; "don't touch" -> the safe/normal default
C21E:                   rde_have_port3d:
C21E: CDA3C2   [17]             call SET_PORT3D
                        
                                ; checksum over the 16KB page, base address = (ix+3):(ix+4)
C221: DD6E04   [36]             ld   l, (ix+4)
C224: DD6603   [55]             ld   h, (ix+3)
C227: CDA9C2   [72]             call COMPUTE_CHECKSUM       ; HL preserved, DE = checksum, (page_and)
C22A: D5       [83]             push de                     ; stash across the display calls below
                        
C22B: CD1201   [100]            call CLS
C22E: DD6E05   [119]            ld   l, (ix+5)
C231: DD6606   [138]            ld   h, (ix+6)
C234: CDA4C4   [155]            call show_label
                        
                                ; filename hint on line 1
C237: 1600     [162]            ld   d, 0
C239: 1E01     [169]            ld   e, 1
C23B: CD1501   [186]            call CRSRSET
C23E: DD6E07   [205]            ld   l, (ix+7)
C241: DD6608   [224]            ld   h, (ix+8)
C244: 54       [228]            ld   d, h
C245: 5D       [232]            ld   e, l
C246: AF       [236]            xor  a
C247: CDEB00   [253]            call PRTASTR
                        
C24A: D1       [263]            pop  de                     ; recover the checksum computed above
C24B: 217DCB   [273]            ld   hl, status_buf
C24E: 364323   [289]            ld   (hl), 'C' \ inc hl
C251: 364823   [305]            ld   (hl), 'H' \ inc hl
C254: 364B23   [321]            ld   (hl), 'K' \ inc hl
C257: 363D23   [337]            ld   (hl), '=' \ inc hl
C25A: 7A       [341]            ld   a, d
C25B: CD59C5   [358]            call hex_byte
C25E: 7B       [362]            ld   a, e
C25F: CD59C5   [379]            call hex_byte
C262: 3600     [389]            ld   (hl), 0
C264: 1600     [396]            ld   d, 0
C266: 1E02     [403]            ld   e, 2
C268: CD1501   [420]            call CRSRSET
C26B: 217DCB   [430]            ld   hl, status_buf
C26E: 54       [434]            ld   d, h
C26F: 5D       [438]            ld   e, l
C270: AF       [442]            xor  a
C271: CDEB00   [459]            call PRTASTR
                        
C274: 1600     [466]            ld   d, 0
C276: 1E03     [473]            ld   e, 3
C278: CD1501   [490]            call CRSRSET
C27B: 21CAC6   [500]            ld   hl, lbl_press_key
C27E: 3AC6CB   [513]            ld   a, (page_and)
C281: 3C       [517]            inc  a
C282: 2003     [524|529]        jr   nz, rde_prompt           ; some byte is not FFH
C284: 21DCC6   [534]            ld   hl, lbl_empty_key        ; all FFH: open bus or erased
C287:                   rde_prompt:
C287: 54       [ 4]             ld   d, h
C288: 5D       [ 8]             ld   e, l
C289: AF       [12]             xor  a
C28A: CDEB00   [29]             call PRTASTR
C28D: CD6601   [46]             call KEYGET
                        
C290: FE53     [53]             cp   'S'                      ; skip this page -- no re-send of an
C292: 280D     [60|65]          jr   z, rde_skip              ; already-captured page (no display
C294: FE73     [67]             cp   's'                      ; hint needed; any other key sends)
C296: 2809     [74|79]          jr   z, rde_skip
                        
                                ; The display/keypress IOCS calls above restored bank and Port 3DH
                                ; on return, so the page is still mapped.
C298: DD6E04   [93]             ld   l, (ix+4)               ; reload base address -- clobbered above
C29B: DD6603   [112]            ld   h, (ix+3)
C29E: C3CAC2   [122]            jp   SEND_PAGE                ; tail call: CF/A propagate to caller
                        
C2A1:                   rde_skip:
C2A1: AF       [ 4]             xor  a                       ; success, nothing sent, CF=0
C2A2: C9       [14]             ret
                        
                        ; ============================================================================
                        ; SET_PORT3D: A = Port 3DH value (04H = bank 3, 00H = hidden bank 3b).
                        ; Writes the firmware's copy at F07DH first, then the port -- same order as
                        ; the ROM's own ROMSELN (08A5H) -- so an interrupt in between restores the
                        ; new value, not the old one.
C2A3:                   SET_PORT3D:
C2A3: 327DF0   [13]             ld   (PORT3D_M), a
C2A6: D33D     [24]             out  (PORT3D), a
C2A8: C9       [34]             ret
                        
                        ; ============================================================================
                        ; COMPUTE_CHECKSUM: HL = base address of a 16KB (0x4000-byte) page.
                        ; Returns DE = 16-bit additive checksum (sum of all bytes, mod 65536) and
                        ; (page_and) = AND of all bytes (FFH = the page reads all FFH).
                        ; HL is preserved.
C2A9:                   COMPUTE_CHECKSUM:
C2A9: E5       [11]             push hl
C2AA: 010040   [21]             ld   bc, 0x4000
C2AD: 110000   [31]             ld   de, 0x0000
C2B0: 3EFF     [38]             ld   a, 0xFF
C2B2: 32C6CB   [51]             ld   (page_and), a
C2B5:                   cs_loop:
C2B5: 3AC6CB   [13]             ld   a, (page_and)
C2B8: A6       [20]             and  (hl)
C2B9: 32C6CB   [33]             ld   (page_and), a
C2BC: 7E       [40]             ld   a, (hl)
C2BD: 83       [44]             add  a, e
C2BE: 5F       [48]             ld   e, a
C2BF: 3001     [55|60]          jr   nc, cs_noc
C2C1: 14       [59]             inc  d
C2C2:                   cs_noc:
C2C2: 23       [ 6]             inc  hl
C2C3: 0B       [12]             dec  bc
C2C4: 78       [16]             ld   a, b
C2C5: B1       [20]             or   c
C2C6: 20ED     [27|32]          jr   nz, cs_loop
C2C8: E1       [37]             pop  hl
C2C9: C9       [47]             ret
                        
                        ; ============================================================================
                        ; SEND_PAGE: HL = base address of a 16KB (0x4000-byte) page. Sends every
                        ; byte over COM1: via CSNDA. On success returns CF=0. On a CSNDA error,
                        ; stops immediately and returns CF=1, A=CSNDA's error byte (b0=timeout,
                        ; b1=BREAK pressed) -- no channel parameter needed, per the IOCS table.
C2CA:                   SEND_PAGE:
C2CA: 010040   [10]             ld   bc, 0x4000
C2CD:                   sp_loop:
C2CD: 7E       [ 7]             ld   a, (hl)
C2CE: E5       [18]             push hl
C2CF: C5       [29]             push bc
C2D0: 0E03     [36]             ld   c, S_CSNDA
C2D2: CDD801   [53]             call SERIAL
C2D5: C1       [63]             pop  bc
C2D6: E1       [73]             pop  hl
C2D7: 3808     [80|85]          jr   c, sp_error
C2D9: 23       [86]             inc  hl
C2DA: 0B       [92]             dec  bc
C2DB: 78       [96]             ld   a, b
C2DC: B1       [100]            or   c
C2DD: 20EE     [107|112]        jr   nz, sp_loop
C2DF: AF       [111]            xor  a                      ; success: A=0, CF=0
C2E0: C9       [121]            ret
C2E1:                   sp_error:
C2E1: 37       [ 4]             scf                          ; CF=1; A already holds CSNDA's error byte
C2E2: C9       [14]             ret
                        
                        ; ============================================================================
                        ; LH5803_FETCH_BYTE: HL = LH-5803-view source address to read. Returns the
                        ; fetched byte in A. Runs the 2-byte `lda (x) / rtn` stub (lh5803_stub) on
                        ; the LH-5803 via CALLH, with X preloaded from HL (CMDZ=30H) and A read back
                        ; from PARA on return.
                        ;
                        ; CALLH clobbers all Z-80 registers (documented) -- callers must not expect
                        ; anything but A to survive a call here, and must keep their own loop state
                        ; (address/counter/accumulator) in memory, not registers, across it.
C2E3:                   LH5803_FETCH_BYTE:
C2E3: 3E30     [ 7]             ld   a, 0x30                ; CMDZ=30H: load PARA..PARUH before entry
C2E5: 3202F0   [20]             ld   (CMDZ), a
C2E8: 2206F0   [36]             ld   (PARXL), hl            ; HL -> PARXL/PARXH (L=low, H=high)
C2EB: 217B4B   [46]             ld   hl, lh5803_stub - 0x8000  ; stub's LH-5803-view entry address
C2EE: 220CF0   [62]             ld   (PARPCL), hl
C2F1: AF       [66]             xor  a
C2F2: 320EF0   [79]             ld   (PARBAN), a            ; PV(0) -- neither the stub's home (4000-7FFF)
                                                             ; nor the ROM being read (C000-FFFF) is
                                                             ; documented as PV-banked
C2F5: F3       [83]             di
C2F6: CDC601   [100]            call CALLH
C2F9: FB       [104]            ei
C2FA: 3A05F0   [117]            ld   a, (PARA)
C2FD: C9       [127]            ret
                        
                        ; ============================================================================
                        ; LH5803_SELFTEST: fetches LH-5803 address C000H twice in a row and compares
                        ; the two results. Returns CF=0 if they agree, CF=1 if they don't. Run once
                        ; before trusting a full LH5803 dump.
C2FE:                   LH5803_SELFTEST:
C2FE: 2100C0   [10]             ld   hl, 0xC000
C301: CDE3C2   [27]             call LH5803_FETCH_BYTE
C304: 32CDCB   [40]             ld   (lh5803_selftest_tmp), a
C307: 2100C0   [50]             ld   hl, 0xC000
C30A: CDE3C2   [67]             call LH5803_FETCH_BYTE
C30D: 47       [71]             ld   b, a
C30E: 3ACDCB   [84]             ld   a, (lh5803_selftest_tmp)
C311: B8       [88]             cp   b
C312: 2802     [95|100]         jr   z, lh5803_selftest_ok
C314: 37       [99]             scf
C315: C9       [109]            ret
C316:                   lh5803_selftest_ok:
C316: B7       [ 4]             or   a                      ; clear carry
C317: C9       [14]             ret
                        
                        ; ============================================================================
                        ; LH5803_COMPUTE_CHECKSUM: sums all 16384 bytes of LH-5803 C000H-FFFFH via
                        ; LH5803_FETCH_BYTE. Returns DE = 16-bit additive checksum (mod 65536). All
                        ; loop state lives in memory (lh5803_addr/lh5803_count/lh5803_chk), not
                        ; registers, since LH5803_FETCH_BYTE's CALLH clobbers everything.
C318:                   LH5803_COMPUTE_CHECKSUM:
C318: 2100C0   [10]             ld   hl, 0xC000
C31B: 22C7CB   [26]             ld   (lh5803_addr), hl
C31E: 210040   [36]             ld   hl, 0x4000
C321: 22C9CB   [52]             ld   (lh5803_count), hl
C324: 210000   [62]             ld   hl, 0x0000
C327: 22CBCB   [78]             ld   (lh5803_chk), hl
C32A:                   lcs_loop:
C32A: 2AC7CB   [16]             ld   hl, (lh5803_addr)
C32D: CDE3C2   [33]             call LH5803_FETCH_BYTE      ; A = byte
C330: 2ACBCB   [49]             ld   hl, (lh5803_chk)
C333: 85       [53]             add  a, l
C334: 6F       [57]             ld   l, a
C335: 3001     [64|69]          jr   nc, lcs_noc
C337: 24       [68]             inc  h
C338:                   lcs_noc:
C338: 22CBCB   [16]             ld   (lh5803_chk), hl
C33B: 2AC7CB   [32]             ld   hl, (lh5803_addr)
C33E: 23       [38]             inc  hl
C33F: 22C7CB   [54]             ld   (lh5803_addr), hl
C342: 2AC9CB   [70]             ld   hl, (lh5803_count)
C345: 2B       [76]             dec  hl
C346: 22C9CB   [92]             ld   (lh5803_count), hl
C349: 7C       [96]             ld   a, h
C34A: B5       [100]            or   l
C34B: 20DD     [107|112]        jr   nz, lcs_loop
C34D: ED5BCBCB [127]            ld   de, (lh5803_chk)
C351: C9       [137]            ret
                        
                        ; ============================================================================
                        ; LH5803_SEND: sends all 16384 bytes of LH-5803 C000H-FFFFH over COM1: via
                        ; CSNDA, fetching each one through LH5803_FETCH_BYTE. Same CF/A error-return
                        ; convention as SEND_PAGE. No Port 3DH involvement at all -- this path never
                        ; touches Z-80 bank switching.
C352:                   LH5803_SEND:
C352: 2100C0   [10]             ld   hl, 0xC000
C355: 22C7CB   [26]             ld   (lh5803_addr), hl
C358: 210040   [36]             ld   hl, 0x4000
C35B: 22C9CB   [52]             ld   (lh5803_count), hl
C35E:                   lsend_loop:
C35E: 2AC7CB   [16]             ld   hl, (lh5803_addr)
C361: CDE3C2   [33]             call LH5803_FETCH_BYTE      ; A = byte
C364: 0E03     [40]             ld   c, S_CSNDA
C366: CDD801   [57]             call SERIAL
C369: 3814     [64|69]          jr   c, lsend_error
C36B: 2AC7CB   [80]             ld   hl, (lh5803_addr)
C36E: 23       [86]             inc  hl
C36F: 22C7CB   [102]            ld   (lh5803_addr), hl
C372: 2AC9CB   [118]            ld   hl, (lh5803_count)
C375: 2B       [124]            dec  hl
C376: 22C9CB   [140]            ld   (lh5803_count), hl
C379: 7C       [144]            ld   a, h
C37A: B5       [148]            or   l
C37B: 20E1     [155|160]        jr   nz, lsend_loop
C37D: AF       [159]            xor  a                      ; success: A=0, CF=0
C37E: C9       [169]            ret
C37F:                   lsend_error:
C37F: 37       [ 4]             scf                          ; CF=1; A already holds CSNDA's error byte
C380: C9       [14]             ret
                        
                        ; ============================================================================
                        ; lh5803_dump_start: menu option 3. Self-test, then checksum (with a
                        ; "COMPUTING..." message -- 16384 CALLH round-trips may take a visible
                        ; moment), then the usual checksum/press-key/send UX.
C381:                   lh5803_dump_start:
C381: CD1201   [17]             call CLS
C384: 21EFC6   [27]             ld   hl, lbl_lh5803
C387: CDA4C4   [44]             call show_label
C38A: 1600     [51]             ld   d, 0
C38C: 1E01     [58]             ld   e, 1
C38E: CD1501   [75]             call CRSRSET
C391: 2104C7   [85]             ld   hl, lbl_computing
C394: 54       [89]             ld   d, h
C395: 5D       [93]             ld   e, l
C396: AF       [97]             xor  a
C397: CDEB00   [114]            call PRTASTR
                        
C39A: CDFEC2   [131]            call LH5803_SELFTEST
C39D: 386E     [138|143]        jr   c, lh5803_unstable
                        
C39F: CD18C3   [155]            call LH5803_COMPUTE_CHECKSUM   ; DE = checksum
C3A2: D5       [166]            push de                        ; stash across the display calls below
                        
C3A3: CD1201   [183]            call CLS
C3A6: 21EFC6   [193]            ld   hl, lbl_lh5803
C3A9: CDA4C4   [210]            call show_label
                        
C3AC: 1600     [217]            ld   d, 0
C3AE: 1E01     [224]            ld   e, 1
C3B0: CD1501   [241]            call CRSRSET
C3B3: 2127C7   [251]            ld   hl, fn_lh5803
C3B6: 54       [255]            ld   d, h
C3B7: 5D       [259]            ld   e, l
C3B8: AF       [263]            xor  a
C3B9: CDEB00   [280]            call PRTASTR
                        
C3BC: D1       [290]            pop  de                        ; recover the checksum computed above
C3BD: 217DCB   [300]            ld   hl, status_buf
C3C0: 364323   [316]            ld   (hl), 'C' \ inc hl
C3C3: 364823   [332]            ld   (hl), 'H' \ inc hl
C3C6: 364B23   [348]            ld   (hl), 'K' \ inc hl
C3C9: 363D23   [364]            ld   (hl), '=' \ inc hl
C3CC: 7A       [368]            ld   a, d
C3CD: CD59C5   [385]            call hex_byte
C3D0: 7B       [389]            ld   a, e
C3D1: CD59C5   [406]            call hex_byte
C3D4: 3600     [416]            ld   (hl), 0
C3D6: 1600     [423]            ld   d, 0
C3D8: 1E02     [430]            ld   e, 2
C3DA: CD1501   [447]            call CRSRSET
C3DD: 217DCB   [457]            ld   hl, status_buf
C3E0: 54       [461]            ld   d, h
C3E1: 5D       [465]            ld   e, l
C3E2: AF       [469]            xor  a
C3E3: CDEB00   [486]            call PRTASTR
                        
C3E6: 1600     [493]            ld   d, 0
C3E8: 1E03     [500]            ld   e, 3
C3EA: CD1501   [517]            call CRSRSET
C3ED: 21CAC6   [527]            ld   hl, lbl_press_key
C3F0: 54       [531]            ld   d, h
C3F1: 5D       [535]            ld   e, l
C3F2: AF       [539]            xor  a
C3F3: CDEB00   [556]            call PRTASTR
C3F6: CD6601   [573]            call KEYGET
                        
C3F9: FE53     [580]            cp   'S'
C3FB: 280F     [587|592]        jr   z, lh5803_done
C3FD: FE73     [594]            cp   's'
C3FF: 280B     [601|606]        jr   z, lh5803_done
                        
C401: CD52C3   [618]            call LH5803_SEND
C404: 3006     [625|630]        jr   nc, lh5803_done
C406: 32C5CB   [638]            ld   (send_err_code), a        ; CSNDA reported an error -- save the
C409: C3BDC1   [648]            jp   dump_error                ; error byte before CLS/show_label clobber A
                        
C40C:                   lh5803_done:
C40C: C9       [10]             ret
                        
C40D:                   lh5803_unstable:
C40D: CD1201   [17]             call CLS
C410: 2111C7   [27]             ld   hl, lbl_lh5803_unstable
C413: CDA4C4   [44]             call show_label
C416: C9       [54]             ret
                        
                        ; ============================================================================
                        ; run_page1_entry: (ix) = { bank, port3d, mode, lo(label), hi(label) }
                        ;   mode: 0 = samples at 4000H/6000H (the two module-header offsets the
                        ;   reset scan checks), 1 = bank-5 style, samples at 5000H/6000H
C417:                   run_page1_entry:
C417: DD7E00   [19]             ld   a, (ix+0)             ; bank number
C41A: 0601     [26]             ld   b, 1                  ; page 1 = 4000-7FFF
C41C: CD9001   [43]             call BANKSET
                        
C41F: DD7E01   [62]             ld   a, (ix+1)             ; port3d value
C422: CDA3C2   [79]             call SET_PORT3D
                        
C425: 210040   [89]             ld   hl, 0x4000
C428: DD7E02   [108]            ld   a, (ix+2)             ; mode
C42B: FE01     [115]            cp   1
C42D: 2003     [122|127]        jr   nz, p1_first_read
C42F: 210050   [132]            ld   hl, 0x5000
C432:                   p1_first_read:
C432: 1195CB   [10]             ld   de, line_buf
C435: CD25C5   [27]             call BUILD_HEX_LINE
C438: 210060   [37]             ld   hl, 0x6000
C43B: 11ADCB   [47]             ld   de, line_buf2
C43E: CD25C5   [64]             call BUILD_HEX_LINE
                        
C441: CD1201   [81]             call CLS
C444: DD6E03   [100]            ld   l, (ix+3)
C447: DD6604   [119]            ld   h, (ix+4)
C44A: CDA4C4   [136]            call show_label
                        
C44D: DD7E00   [155]            ld   a, (ix+0)
C450: 57       [159]            ld   d, a
C451: 1E40     [166]            ld   e, 0x40
C453: CDB4C4   [183]            call show_status
C456: 1835     [195]            jr   show_samples
                        
                        ; ============================================================================
                        ; run_page2_entry: (ix) = { bank, port3d, lo(label), hi(label) }
                        ;   samples at 8000H and A000H (module headers sit at 8000H/A000H/B000H)
C458:                   run_page2_entry:
C458: DD7E00   [19]             ld   a, (ix+0)
C45B: 0602     [26]             ld   b, 2                  ; page 2 = 8000-BFFF
C45D: CD9001   [43]             call BANKSET
                        
C460: DD7E01   [62]             ld   a, (ix+1)             ; port3d value (02H = kanji ROM view)
C463: CDA3C2   [79]             call SET_PORT3D
                        
C466: 210080   [89]             ld   hl, 0x8000
C469: 1195CB   [99]             ld   de, line_buf
C46C: CD25C5   [116]            call BUILD_HEX_LINE
C46F: 2100A0   [126]            ld   hl, 0xA000
C472: 11ADCB   [136]            ld   de, line_buf2
C475: CD25C5   [153]            call BUILD_HEX_LINE
                        
C478: CD1201   [170]            call CLS
C47B: DD6E02   [189]            ld   l, (ix+2)
C47E: DD6603   [208]            ld   h, (ix+3)
C481: CDA4C4   [225]            call show_label
                        
C484: DD7E00   [244]            ld   a, (ix+0)
C487: 57       [248]            ld   d, a
C488: 1E80     [255]            ld   e, 0x80
C48A: CDB4C4   [272]            call show_status
                        
                        ; show_samples: line_buf on Y=2, line_buf2 on Y=3, then wait for a key.
C48D:                   show_samples:
C48D: 1600     [ 7]             ld   d, 0
C48F: 1E02     [14]             ld   e, 2
C491: 2195CB   [24]             ld   hl, line_buf
C494: CD45C5   [41]             call DISPLAY_LINE_AT
C497: 1600     [48]             ld   d, 0
C499: 1E03     [55]             ld   e, 3
C49B: 21ADCB   [65]             ld   hl, line_buf2
C49E: CD45C5   [82]             call DISPLAY_LINE_AT
C4A1: C36FC5   [92]             jp   wait_key
                        
                        ; ============================================================================
                        ; show_label: HL = zero-terminated string; shown on line Y=0
C4A4:                   show_label:
C4A4: E5       [11]             push hl
C4A5: 1600     [18]             ld   d, 0
C4A7: 1E00     [25]             ld   e, 0
C4A9: CD1501   [42]             call CRSRSET
C4AC: E1       [52]             pop  hl
C4AD: 54       [56]             ld   d, h
C4AE: 5D       [60]             ld   e, l
C4AF: AF       [64]             xor  a
C4B0: CDEB00   [81]             call PRTASTR
C4B3: C9       [91]             ret
                        
                        ; ============================================================================
                        ; show_status: D=bank, E=addr-high-byte for MEMORYCHK; builds/shows the
                        ; "BR=xx CHK=X(xx)" line on Y=1. BR = BANKREAD confirmation for whichever
                        ; page was just set (page number inferred from E: 0x40->page1, 0x80->page2,
                        ; 0x00->page0); CHK = MEMORYCHK result (tag letter + raw hex byte). Note:
                        ; MEMORYCHK does not report bank presence reliably on this firmware
                        ; (confirmed on real hardware) -- treat its output as informational only;
                        ; the hex-sample inspection is the reliable signal for bank content.
C4B4:                   show_status:
C4B4: D5       [11]             push de
C4B5: 7B       [15]             ld   a, e
C4B6: FE80     [22]             cp   0x80
C4B8: 280C     [29|34]          jr   z, ss_p2
C4BA: FE40     [36]             cp   0x40
C4BC: 2804     [43|48]          jr   z, ss_p1
C4BE: 0600     [50]             ld   b, 0                  ; page 0
C4C0: 1806     [62]             jr   ss_bankread
C4C2: 0601     [ 7]     ss_p1:  ld   b, 1
C4C4: 1802     [19]             jr   ss_bankread
C4C6: 0602     [ 7]     ss_p2:  ld   b, 2
C4C8:                   ss_bankread:
C4C8: CD9301   [17]             call BANKREAD              ; A = current bank for page B
                        
C4CB: 217DCB   [27]             ld   hl, status_buf
C4CE: 364223   [43]             ld   (hl), 'B' \ inc hl
C4D1: 365223   [59]             ld   (hl), 'R' \ inc hl
C4D4: 363D23   [75]             ld   (hl), '=' \ inc hl
C4D7: CD59C5   [92]             call hex_byte
C4DA: 362023   [108]            ld   (hl), ' ' \ inc hl
C4DD: 364323   [124]            ld   (hl), 'C' \ inc hl
C4E0: 364823   [140]            ld   (hl), 'H' \ inc hl
C4E3: 364B23   [156]            ld   (hl), 'K' \ inc hl
C4E6: 363D23   [172]            ld   (hl), '=' \ inc hl
                        
C4E9: D1       [182]            pop  de                    ; D=bank, E=addr-high, restored for MEMORYCHK
C4EA: E5       [193]            push hl
C4EB: CD8D01   [210]            call MEMORYCHK             ; CF/A set per bank presence
C4EE: 380C     [217|222]        jr   c, ss_none
C4F0: FE01     [224]            cp   1
C4F2: 280C     [231|236]        jr   z, ss_ram
C4F4: FE03     [238]            cp   3
C4F6: 280C     [245|250]        jr   z, ss_rom
C4F8: 0E3F     [252]            ld   c, '?'
C4FA: 180A     [264]            jr   ss_tag
C4FC: 0E4E     [ 7]     ss_none: ld  c, 'N'
C4FE: 1806     [19]             jr   ss_tag
C500: 0E52     [ 7]     ss_ram: ld   c, 'R'
C502: 1802     [19]             jr   ss_tag
C504: 0E4D     [ 7]     ss_rom: ld   c, 'M'
C506:                   ss_tag:
C506: E1       [10]             pop  hl
C507: 7123     [23]             ld   (hl), c \ inc hl
C509: 362823   [39]             ld   (hl), '(' \ inc hl
C50C: CD59C5   [56]             call hex_byte
C50F: 362923   [72]             ld   (hl), ')' \ inc hl
C512: 3600     [82]             ld   (hl), 0
                        
C514: 1600     [89]             ld   d, 0
C516: 1E01     [96]             ld   e, 1
C518: CD1501   [113]            call CRSRSET
C51B: 217DCB   [123]            ld   hl, status_buf
C51E: 54       [127]            ld   d, h
C51F: 5D       [131]            ld   e, l
C520: AF       [135]            xor  a
C521: CDEB00   [152]            call PRTASTR
C524: C9       [162]            ret
                        
                        ; ============================================================================
                        ; BUILD_HEX_LINE: HL = base address to sample 8 bytes from, DE = dest
                        ; buffer. Fills DE with "AAAA:xxxxxxxxxxxxxxxx" (null-terminated).
C525:                   BUILD_HEX_LINE:
C525: E5       [11]             push hl
C526: 7C       [15]             ld   a, h
C527: CD51C5   [32]             call hex_byte_to_de
C52A: 7D       [36]             ld   a, l
C52B: CD51C5   [53]             call hex_byte_to_de
C52E: 3E3A     [60]             ld   a, ':'
C530: 12       [67]             ld   (de), a
C531: 13       [73]             inc  de
C532: E1       [83]             pop  hl
                        
C533: 0608     [90]             ld   b, 8
C535:                   bhl_loop:
C535: 7E       [ 7]             ld   a, (hl)
C536: E5       [18]             push hl
C537: C5       [29]             push bc
C538: EB       [33]             ex   de, hl
C539: CD59C5   [50]             call hex_byte
C53C: EB       [54]             ex   de, hl
C53D: C1       [64]             pop  bc
C53E: E1       [74]             pop  hl
C53F: 23       [80]             inc  hl
C540: 10F3     [88|93]          djnz bhl_loop
                        
C542: AF       [92]             xor  a
C543: 12       [99]             ld   (de), a
C544: C9       [109]            ret
                        
                        ; ============================================================================
                        ; DISPLAY_LINE_AT: D=x, E=y (set by caller), HL = buffer to display
                        ; (already built by BUILD_HEX_LINE). Just CRSRSET + PRTASTR.
C545:                   DISPLAY_LINE_AT:
C545: E5       [11]             push hl
C546: CD1501   [28]             call CRSRSET
C549: E1       [38]             pop  hl
C54A: 54       [42]             ld   d, h
C54B: 5D       [46]             ld   e, l
C54C: AF       [50]             xor  a
C54D: CDEB00   [67]             call PRTASTR
C550: C9       [77]             ret
                        
                        ; hex_byte_to_de: A=byte, DE=dest ptr (advanced by 2) -- same as hex_byte but
                        ; writes through DE instead of HL, for the address prefix above.
C551:                   hex_byte_to_de:
C551: E5       [11]             push hl
C552: EB       [15]             ex   de, hl
C553: CD59C5   [32]             call hex_byte
C556: EB       [36]             ex   de, hl
C557: E1       [46]             pop  hl
C558: C9       [56]             ret
                        
                        ; ============================================================================
                        ; hex_byte: A=byte to convert, HL=dest ptr; writes 2 ASCII hex chars, HL+=2
C559:                   hex_byte:
C559: F5       [11]             push af
C55A: 0F       [15]             rrca
C55B: 0F       [19]             rrca
C55C: 0F       [23]             rrca
C55D: 0F       [27]             rrca
C55E: CD62C5   [44]             call hex_nibble
C561: F1       [54]             pop  af
C562:                   hex_nibble:
C562: E60F     [ 7]             and  0x0F
C564: FE0A     [14]             cp   10
C566: 3802     [21|26]          jr   c, hn1
C568: C607     [28]             add  a, 7
C56A:                   hn1:
C56A: C630     [ 7]             add  a, '0'
C56C: 77       [14]             ld   (hl), a
C56D: 23       [20]             inc  hl
C56E: C9       [30]             ret
                        
                        ; ============================================================================
C56F:                   wait_key:
C56F: CD6601   [17]             call KEYGET
C572: C9       [27]             ret
                        
                        ; ============================================================================
                        ; Page-1 sweep table: { bank, port3d, mode, label_lo, label_hi }, 0xFF ends it
C573:                   page1_table:
C573: 0004004F                  db 0, 0x04, 0, lo(lbl_p1_b0), hi(lbl_p1_b0)
C577: CA                
C578: 0104005E                  db 1, 0x04, 0, lo(lbl_p1_b1), hi(lbl_p1_b1)
C57C: CA                
C57D: 0204006D                  db 2, 0x04, 0, lo(lbl_p1_b2), hi(lbl_p1_b2)
C581: CA                
C582: 0304007C                  db 3, 0x04, 0, lo(lbl_p1_b3), hi(lbl_p1_b3)
C586: CA                
C587: 0300008B                  db 3, 0x00, 0, lo(lbl_p1_b3b), hi(lbl_p1_b3b)
C58B: CA                
C58C: 0404009B                  db 4, 0x04, 0, lo(lbl_p1_b4), hi(lbl_p1_b4)
C590: CA                
C591: 050401B2                  db 5, 0x04, 1, lo(lbl_p1_b5), hi(lbl_p1_b5)
C595: CA                
C596: 060400CA                  db 6, 0x04, 0, lo(lbl_p1_b6), hi(lbl_p1_b6)
C59A: CA                
C59B: 070400D9                  db 7, 0x04, 0, lo(lbl_p1_b7), hi(lbl_p1_b7)
C59F: CA                
C5A0: FF                        db 0xFF
                        
                        ; Page-2 sweep table: { bank, port3d, label_lo, label_hi }, 0xFF ends it
C5A1:                   page2_table:
C5A1: 0004E8CA                  db 0, 0x04, lo(lbl_p2_b0), hi(lbl_p2_b0)
C5A5: 0104F7CA                  db 1, 0x04, lo(lbl_p2_b1), hi(lbl_p2_b1)
C5A9: 020406CB                  db 2, 0x04, lo(lbl_p2_b2), hi(lbl_p2_b2)
C5AD: 030415CB                  db 3, 0x04, lo(lbl_p2_b3), hi(lbl_p2_b3)
C5B1: 040424CB                  db 4, 0x04, lo(lbl_p2_b4), hi(lbl_p2_b4)
C5B5: 040233CB                  db 4, 0x02, lo(lbl_p2_b4k), hi(lbl_p2_b4k)
C5B9: 050448CB                  db 5, 0x04, lo(lbl_p2_b5), hi(lbl_p2_b5)
C5BD: 060457CB                  db 6, 0x04, lo(lbl_p2_b6), hi(lbl_p2_b6)
C5C1: 07046CCB                  db 7, 0x04, lo(lbl_p2_b7), hi(lbl_p2_b7)
C5C5: FF                        db 0xFF
                        
                        ; ============================================================================
                        ; Dump table: { bank, port3d, page, base_hi, base_lo, lbl_lo, lbl_hi, fn_lo,
                        ; fn_hi }, 0xFF ends it. port3d=0xFF means don't touch; page=0 means no
                        ; BANKSET (page-0 bank-0 is always resident). Covers the 7 banks confirmed
                        ; to hold real ROM content: bank 0 (both page-0 and page-1 windows -- one
                        ; physical chip), bank 3 + bank 3b (CS24's two halves), bank 4 + bank 5
                        ; (CE-1600P peripheral ROM), and page-2 bank 6 (CS123's Z-80-visible half).
C5C6:                   dump_table:
C5C6: 00FF0000                  db 0, 0xFF, 0, 0x00,0x00, lo(lbl_d_p0b0),hi(lbl_d_p0b0),   lo(fn_p0b0),hi(fn_p0b0)
C5CA: 0043C7D0          
C5CE: C7                
C5CF: 00040140                  db 0, 0x04, 1, 0x40,0x00, lo(lbl_d_p1b0),hi(lbl_d_p1b0),   lo(fn_p1b0),hi(fn_p1b0)
C5D3: 0057C7E1          
C5D7: C7                
C5D8: 03040140                  db 3, 0x04, 1, 0x40,0x00, lo(lbl_d_p1b3),hi(lbl_d_p1b3),   lo(fn_p1b3),hi(fn_p1b3)
C5DC: 006BC7F2          
C5E0: C7                
C5E1: 03000140                  db 3, 0x00, 1, 0x40,0x00, lo(lbl_d_p1b3b),hi(lbl_d_p1b3b), lo(fn_p1b3b),hi(fn_p1b3b)
C5E5: 007FC703          
C5E9: C8                
C5EA: 04040140                  db 4, 0x04, 1, 0x40,0x00, lo(lbl_d_p1b4),hi(lbl_d_p1b4),   lo(fn_p1b4),hi(fn_p1b4)
C5EE: 0094C715          
C5F2: C8                
C5F3: 05040140                  db 5, 0x04, 1, 0x40,0x00, lo(lbl_d_p1b5),hi(lbl_d_p1b5),   lo(fn_p1b5),hi(fn_p1b5)
C5F7: 00A8C72E          
C5FB: C8                
C5FC: 06FF0280                  db 6, 0xFF, 2, 0x80,0x00, lo(lbl_d_p2b6),hi(lbl_d_p2b6),   lo(fn_p2b6),hi(fn_p2b6)
C600: 00BCC74C          
C604: C8                
C605: FF                        db 0xFF
                        
                        ; Other-banks table (menu option 4), same record layout as dump_table: every
                        ; remaining bank that could hold a peripheral ROM. Page 1: the 60-pin bus
                        ; banks the reset scan (SCANMODS, P0-B0 07C5H) probes besides 0, 3 (internal)
                        ; and 4, 5 (CE-1600P) -- bank 7 is where the MEP rev3 module puts its ROM.
                        ; Page 2: the memory slots (banks 0-3, Port 28H vertical bank as left by the
                        ; firmware), bank 4 without and with the kanji-ROM select (Port 3DH = 02H,
                        ; as SELJROM, P0-B0 077EH), and the unassigned banks 5 and 7.
C606:                   other_table:
C606: 01040140                  db 1, 0x04, 1, 0x40,0x00, lo(lbl_d_p1b1),hi(lbl_d_p1b1),   lo(fn_p1b1),hi(fn_p1b1)
C60A: 005DC853          
C60E: C9                
C60F: 02040140                  db 2, 0x04, 1, 0x40,0x00, lo(lbl_d_p1b2),hi(lbl_d_p1b2),   lo(fn_p1b2),hi(fn_p1b2)
C613: 0071C864          
C617: C9                
C618: 06040140                  db 6, 0x04, 1, 0x40,0x00, lo(lbl_d_p1b6),hi(lbl_d_p1b6),   lo(fn_p1b6),hi(fn_p1b6)
C61C: 0085C875          
C620: C9                
C621: 07040140                  db 7, 0x04, 1, 0x40,0x00, lo(lbl_d_p1b7),hi(lbl_d_p1b7),   lo(fn_p1b7),hi(fn_p1b7)
C625: 0099C886          
C629: C9                
C62A: 00040280                  db 0, 0x04, 2, 0x80,0x00, lo(lbl_d_p2b0),hi(lbl_d_p2b0),   lo(fn_p2b0),hi(fn_p2b0)
C62E: 00ADC897          
C632: C9                
C633: 01040280                  db 1, 0x04, 2, 0x80,0x00, lo(lbl_d_p2b1),hi(lbl_d_p2b1),   lo(fn_p2b1),hi(fn_p2b1)
C637: 00C1C8A8          
C63B: C9                
C63C: 02040280                  db 2, 0x04, 2, 0x80,0x00, lo(lbl_d_p2b2),hi(lbl_d_p2b2),   lo(fn_p2b2),hi(fn_p2b2)
C640: 00D5C8B9          
C644: C9                
C645: 03040280                  db 3, 0x04, 2, 0x80,0x00, lo(lbl_d_p2b3),hi(lbl_d_p2b3),   lo(fn_p2b3),hi(fn_p2b3)
C649: 00E9C8CA          
C64D: C9                
C64E: 04040280                  db 4, 0x04, 2, 0x80,0x00, lo(lbl_d_p2b4),hi(lbl_d_p2b4),   lo(fn_p2b4),hi(fn_p2b4)
C652: 00FDC8DB          
C656: C9                
C657: 04020280                  db 4, 0x02, 2, 0x80,0x00, lo(lbl_d_p2b4k),hi(lbl_d_p2b4k), lo(fn_p2b4k),hi(fn_p2b4k)
C65B: 0011C9EC          
C65F: C9                
C660: 05040280                  db 5, 0x04, 2, 0x80,0x00, lo(lbl_d_p2b5),hi(lbl_d_p2b5),   lo(fn_p2b5),hi(fn_p2b5)
C664: 002BC903          
C668: CA                
C669: 07040280                  db 7, 0x04, 2, 0x80,0x00, lo(lbl_d_p2b7),hi(lbl_d_p2b7),   lo(fn_p2b7),hi(fn_p2b7)
C66D: 003FC914          
C671: CA                
C672: FF                        db 0xFF
                        
                        ; ============================================================================
C673: 50433136          lbl_menu1:      db "PC1600 ROM DUMPER", 0
C677: 30302052          
C67B: 4F4D2044          
C67F: 554D5045          
C683: 5200              
C685: 313D5357          lbl_menu2:      db "1=SWEEP  2=DUMP+SEND", 0
C689: 45455020          
C68D: 20323D44          
C691: 554D502B          
C695: 53454E44          
C699: 00                
C69A: 333D4C48          lbl_menu3:      db "3=LH5803 ROM", 0
C69E: 35383033          
C6A2: 20524F4D          
C6A6: 00                
C6A7: 343D4F54          lbl_menu4:      db "4=OTHER BANKS", 0
C6AB: 48455220          
C6AF: 42414E4B          
C6B3: 5300              
C6B5: 53454E44          lbl_error:      db "SEND ERROR - ABORTED", 0
C6B9: 20455252          
C6BD: 4F52202D          
C6C1: 2041424F          
C6C5: 52544544          
C6C9: 00                
C6CA: 50524553          lbl_press_key:  db "PRESS KEY TO SEND", 0
C6CE: 53204B45          
C6D2: 5920544F          
C6D6: 2053454E          
C6DA: 4400              
C6DC: 414C4C20          lbl_empty_key:  db "ALL FF - S TO SKIP", 0
C6E0: 4646202D          
C6E4: 20532054          
C6E8: 4F20534B          
C6EC: 495000            
                        
C6EF: 4C483538          lbl_lh5803:            db "LH5803 ROM C000-FFFF", 0
C6F3: 30332052          
C6F7: 4F4D2043          
C6FB: 3030302D          
C6FF: 46464646          
C703: 00                
C704: 434F4D50          lbl_computing:          db "COMPUTING...", 0
C708: 5554494E          
C70C: 472E2E2E          
C710: 00                
C711: 4C483538          lbl_lh5803_unstable:    db "LH5803 FETCH UNSTABLE", 0
C715: 30332046          
C719: 45544348          
C71D: 20554E53          
C721: 5441424C          
C725: 4500              
C727: 50433136          fn_lh5803:              db "PC1600-LH5803-C000-FFFF.BIN", 0
C72B: 30302D4C          
C72F: 48353830          
C733: 332D4330          
C737: 30302D46          
C73B: 4646462E          
C73F: 42494E00          
                        
C743: 44554D50          lbl_d_p0b0:  db "DUMP P0 0000H BANK0", 0
C747: 20503020          
C74B: 30303030          
C74F: 48204241          
C753: 4E4B3000          
C757: 44554D50          lbl_d_p1b0:  db "DUMP P1 4000H BANK0", 0
C75B: 20503120          
C75F: 34303030          
C763: 48204241          
C767: 4E4B3000          
C76B: 44554D50          lbl_d_p1b3:  db "DUMP P1 4000H BANK3", 0
C76F: 20503120          
C773: 34303030          
C777: 48204241          
C77B: 4E4B3300          
C77F: 44554D50          lbl_d_p1b3b: db "DUMP P1 4000H BANK3B", 0
C783: 20503120          
C787: 34303030          
C78B: 48204241          
C78F: 4E4B3342          
C793: 00                
C794: 44554D50          lbl_d_p1b4:  db "DUMP P1 4000H BANK4", 0
C798: 20503120          
C79C: 34303030          
C7A0: 48204241          
C7A4: 4E4B3400          
C7A8: 44554D50          lbl_d_p1b5:  db "DUMP P1 4000H BANK5", 0
C7AC: 20503120          
C7B0: 34303030          
C7B4: 48204241          
C7B8: 4E4B3500          
C7BC: 44554D50          lbl_d_p2b6:  db "DUMP P2 8000H BANK6", 0
C7C0: 20503220          
C7C4: 38303030          
C7C8: 48204241          
C7CC: 4E4B3600          
                        
C7D0: 50433136          fn_p0b0:     db "PC1600-P0-B0.BIN", 0
C7D4: 30302D50          
C7D8: 302D4230          
C7DC: 2E42494E          
C7E0: 00                
C7E1: 50433136          fn_p1b0:     db "PC1600-P1-B0.BIN", 0
C7E5: 30302D50          
C7E9: 312D4230          
C7ED: 2E42494E          
C7F1: 00                
C7F2: 50433136          fn_p1b3:     db "PC1600-P1-B3.BIN", 0
C7F6: 30302D50          
C7FA: 312D4233          
C7FE: 2E42494E          
C802: 00                
C803: 50433136          fn_p1b3b:    db "PC1600-P1-B3B.BIN", 0
C807: 30302D50          
C80B: 312D4233          
C80F: 422E4249          
C813: 4E00              
C815: 50433136          fn_p1b4:     db "PC1600-P1-B4-CE1600P.BIN", 0
C819: 30302D50          
C81D: 312D4234          
C821: 2D434531          
C825: 36303050          
C829: 2E42494E          
C82D: 00                
C82E: 50433136          fn_p1b5:     db "PC1600-P1-B5-CE1600P-OR-F.BIN", 0
C832: 30302D50          
C836: 312D4235          
C83A: 2D434531          
C83E: 36303050          
C842: 2D4F522D          
C846: 462E4249          
C84A: 4E00              
C84C: 50433136          fn_p2b6:     db "PC1600-P2-B6.BIN", 0
C850: 30302D50          
C854: 322D4236          
C858: 2E42494E          
C85C: 00                
                        
C85D: 44554D50          lbl_d_p1b1:  db "DUMP P1 4000H BANK1", 0
C861: 20503120          
C865: 34303030          
C869: 48204241          
C86D: 4E4B3100          
C871: 44554D50          lbl_d_p1b2:  db "DUMP P1 4000H BANK2", 0
C875: 20503120          
C879: 34303030          
C87D: 48204241          
C881: 4E4B3200          
C885: 44554D50          lbl_d_p1b6:  db "DUMP P1 4000H BANK6", 0
C889: 20503120          
C88D: 34303030          
C891: 48204241          
C895: 4E4B3600          
C899: 44554D50          lbl_d_p1b7:  db "DUMP P1 4000H BANK7", 0
C89D: 20503120          
C8A1: 34303030          
C8A5: 48204241          
C8A9: 4E4B3700          
C8AD: 44554D50          lbl_d_p2b0:  db "DUMP P2 8000H BANK0", 0
C8B1: 20503220          
C8B5: 38303030          
C8B9: 48204241          
C8BD: 4E4B3000          
C8C1: 44554D50          lbl_d_p2b1:  db "DUMP P2 8000H BANK1", 0
C8C5: 20503220          
C8C9: 38303030          
C8CD: 48204241          
C8D1: 4E4B3100          
C8D5: 44554D50          lbl_d_p2b2:  db "DUMP P2 8000H BANK2", 0
C8D9: 20503220          
C8DD: 38303030          
C8E1: 48204241          
C8E5: 4E4B3200          
C8E9: 44554D50          lbl_d_p2b3:  db "DUMP P2 8000H BANK3", 0
C8ED: 20503220          
C8F1: 38303030          
C8F5: 48204241          
C8F9: 4E4B3300          
C8FD: 44554D50          lbl_d_p2b4:  db "DUMP P2 8000H BANK4", 0
C901: 20503220          
C905: 38303030          
C909: 48204241          
C90D: 4E4B3400          
C911: 44554D50          lbl_d_p2b4k: db "DUMP P2 8000H BANK4 KANJI", 0
C915: 20503220          
C919: 38303030          
C91D: 48204241          
C921: 4E4B3420          
C925: 4B414E4A          
C929: 4900              
C92B: 44554D50          lbl_d_p2b5:  db "DUMP P2 8000H BANK5", 0
C92F: 20503220          
C933: 38303030          
C937: 48204241          
C93B: 4E4B3500          
C93F: 44554D50          lbl_d_p2b7:  db "DUMP P2 8000H BANK7", 0
C943: 20503220          
C947: 38303030          
C94B: 48204241          
C94F: 4E4B3700          
                        
C953: 50433136          fn_p1b1:     db "PC1600-P1-B1.BIN", 0
C957: 30302D50          
C95B: 312D4231          
C95F: 2E42494E          
C963: 00                
C964: 50433136          fn_p1b2:     db "PC1600-P1-B2.BIN", 0
C968: 30302D50          
C96C: 312D4232          
C970: 2E42494E          
C974: 00                
C975: 50433136          fn_p1b6:     db "PC1600-P1-B6.BIN", 0
C979: 30302D50          
C97D: 312D4236          
C981: 2E42494E          
C985: 00                
C986: 50433136          fn_p1b7:     db "PC1600-P1-B7.BIN", 0
C98A: 30302D50          
C98E: 312D4237          
C992: 2E42494E          
C996: 00                
C997: 50433136          fn_p2b0:     db "PC1600-P2-B0.BIN", 0
C99B: 30302D50          
C99F: 322D4230          
C9A3: 2E42494E          
C9A7: 00                
C9A8: 50433136          fn_p2b1:     db "PC1600-P2-B1.BIN", 0
C9AC: 30302D50          
C9B0: 322D4231          
C9B4: 2E42494E          
C9B8: 00                
C9B9: 50433136          fn_p2b2:     db "PC1600-P2-B2.BIN", 0
C9BD: 30302D50          
C9C1: 322D4232          
C9C5: 2E42494E          
C9C9: 00                
C9CA: 50433136          fn_p2b3:     db "PC1600-P2-B3.BIN", 0
C9CE: 30302D50          
C9D2: 322D4233          
C9D6: 2E42494E          
C9DA: 00                
C9DB: 50433136          fn_p2b4:     db "PC1600-P2-B4.BIN", 0
C9DF: 30302D50          
C9E3: 322D4234          
C9E7: 2E42494E          
C9EB: 00                
C9EC: 50433136          fn_p2b4k:    db "PC1600-P2-B4-KANJI.BIN", 0
C9F0: 30302D50          
C9F4: 322D4234          
C9F8: 2D4B414E          
C9FC: 4A492E42          
CA00: 494E00            
CA03: 50433136          fn_p2b5:     db "PC1600-P2-B5.BIN", 0
CA07: 30302D50          
CA0B: 322D4235          
CA0F: 2E42494E          
CA13: 00                
CA14: 50433136          fn_p2b7:     db "PC1600-P2-B7.BIN", 0
CA18: 30302D50          
CA1C: 322D4237          
CA20: 2E42494E          
CA24: 00                
                        
                        ; ============================================================================
CA25: 50414745          lbl_page0:   db "PAGE0 (0000H) BANK0", 0
CA29: 30202830          
CA2D: 30303048          
CA31: 29204241          
CA35: 4E4B3000          
CA39: 444F4E45          lbl_done:    db "DONE - BASIC RESTORED", 0
CA3D: 202D2042          
CA41: 41534943          
CA45: 20524553          
CA49: 544F5245          
CA4D: 4400              
                        
CA4F: 50312034          lbl_p1_b0:   db "P1 4000H BANK0", 0
CA53: 30303048          
CA57: 2042414E          
CA5B: 4B3000            
CA5E: 50312034          lbl_p1_b1:   db "P1 4000H BANK1", 0
CA62: 30303048          
CA66: 2042414E          
CA6A: 4B3100            
CA6D: 50312034          lbl_p1_b2:   db "P1 4000H BANK2", 0
CA71: 30303048          
CA75: 2042414E          
CA79: 4B3200            
CA7C: 50312034          lbl_p1_b3:   db "P1 4000H BANK3", 0
CA80: 30303048          
CA84: 2042414E          
CA88: 4B3300            
CA8B: 50312034          lbl_p1_b3b:  db "P1 4000H BANK3B", 0
CA8F: 30303048          
CA93: 2042414E          
CA97: 4B334200          
CA9B: 50312034          lbl_p1_b4:   db "P1 4000H BANK4 CE1600P", 0
CA9F: 30303048          
CAA3: 2042414E          
CAA7: 4B342043          
CAAB: 45313630          
CAAF: 305000            
CAB2: 50312042          lbl_p1_b5:   db "P1 BANK5 CE1600P FD/CAS", 0
CAB6: 414E4B35          
CABA: 20434531          
CABE: 36303050          
CAC2: 2046442F          
CAC6: 43415300          
CACA: 50312034          lbl_p1_b6:   db "P1 4000H BANK6", 0
CACE: 30303048          
CAD2: 2042414E          
CAD6: 4B3600            
CAD9: 50312034          lbl_p1_b7:   db "P1 4000H BANK7", 0
CADD: 30303048          
CAE1: 2042414E          
CAE5: 4B3700            
                        
CAE8: 50322038          lbl_p2_b0:   db "P2 8000H BANK0", 0
CAEC: 30303048          
CAF0: 2042414E          
CAF4: 4B3000            
CAF7: 50322038          lbl_p2_b1:   db "P2 8000H BANK1", 0
CAFB: 30303048          
CAFF: 2042414E          
CB03: 4B3100            
CB06: 50322038          lbl_p2_b2:   db "P2 8000H BANK2", 0
CB0A: 30303048          
CB0E: 2042414E          
CB12: 4B3200            
CB15: 50322038          lbl_p2_b3:   db "P2 8000H BANK3", 0
CB19: 30303048          
CB1D: 2042414E          
CB21: 4B3300            
CB24: 50322038          lbl_p2_b4:   db "P2 8000H BANK4", 0
CB28: 30303048          
CB2C: 2042414E          
CB30: 4B3400            
CB33: 50322038          lbl_p2_b4k:  db "P2 8000H BANK4 KANJI", 0
CB37: 30303048          
CB3B: 2042414E          
CB3F: 4B34204B          
CB43: 414E4A49          
CB47: 00                
CB48: 50322038          lbl_p2_b5:   db "P2 8000H BANK5", 0
CB4C: 30303048          
CB50: 2042414E          
CB54: 4B3500            
CB57: 50322038          lbl_p2_b6:   db "P2 8000H BANK6 CS123", 0
CB5B: 30303048          
CB5F: 2042414E          
CB63: 4B362043          
CB67: 53313233          
CB6B: 00                
CB6C: 50322038          lbl_p2_b7:   db "P2 8000H BANK7", 0
CB70: 30303048          
CB74: 2042414E          
CB78: 4B3700            
                        
                        ; ============================================================================
                        ; lh5803_stub: the LH-5801 machine code run on the LH-5803 via CALLH.
                        ;   lda (x)  -- opcode 0x05 -- A = byte at the address in X (ME0)
                        ;   rtn      -- opcode 0x9A -- return to the Z-80 side
                        ; X is preloaded from PARXL/PARXH (CMDZ=30H) before this runs, so that's
                        ; the whole program. Lives here, inside the same C000-FFFF RAM this program
                        ; already owns while running -- its LH-5803-view address is computed at
                        ; assemble time in LH5803_FETCH_BYTE as (lh5803_stub - 0x8000).
CB7B: 059A              lh5803_stub: db 0x05, 0x9A
                        
                        ; ---- scratch buffers ----
CB7D: 00000000          status_buf:             ds 24
CB81: 00...             
CB95: 00000000          line_buf:               ds 24
CB99: 00...             
CBAD: 00000000          line_buf2:              ds 24
CBB1: 00...             
CBC5: 00                send_err_code:          ds 1
CBC6: 00                page_and:               ds 1
CBC7: 0000              lh5803_addr:            ds 2
CBC9: 0000              lh5803_count:           ds 2
CBCB: 0000              lh5803_chk:             ds 2
CBCD: 00                lh5803_selftest_tmp:    ds 1
                        
                        #end


; +++ segments +++

#CODE CODE     = $C0C5 = 49349,  size = $0B09 =  2825

; +++ global symbols +++

BANKREAD        = $0193 =   403          pc1600-rom-dumper.asm:69
BANKSET         = $0190 =   400          pc1600-rom-dumper.asm:68
BUILD_HEX_LINE  = $C525 = 50469  CODE    pc1600-rom-dumper.asm:797
CALLH           = $01C6 =   454          pc1600-rom-dumper.asm:84
CLS             = $0112 =   274          pc1600-rom-dumper.asm:71
CMDZ            = $F002 = 61442          pc1600-rom-dumper.asm:85
CODE            = $C0C5 = 49349  CODE    pc1600-rom-dumper.asm:93 (unused)
CODE_end        = $CBCE = 52174  CODE    pc1600-rom-dumper.asm:93 (unused)
CODE_size       = $0B09 =  2825  CODE    pc1600-rom-dumper.asm:93 (unused)
COMPUTE_CHECKSUM = $C2A9 = 49833  CODE    pc1600-rom-dumper.asm:392
CRSRSET         = $0115 =   277          pc1600-rom-dumper.asm:72
DISPLAY_LINE_AT = $C545 = 50501  CODE    pc1600-rom-dumper.asm:828
KEYGET          = $0166 =   358          pc1600-rom-dumper.asm:74
LH5803_COMPUTE_CHECKSUM = $C318 = 49944  CODE    pc1600-rom-dumper.asm:493
LH5803_FETCH_BYTE = $C2E3 = 49891  CODE    pc1600-rom-dumper.asm:452
LH5803_SELFTEST = $C2FE = 49918  CODE    pc1600-rom-dumper.asm:472
LH5803_SEND     = $C352 = 50002  CODE    pc1600-rom-dumper.asm:527
MEMORYCHK       = $018D =   397          pc1600-rom-dumper.asm:70
PARA            = $F005 = 61445          pc1600-rom-dumper.asm:86
PARBAN          = $F00E = 61454          pc1600-rom-dumper.asm:91
PARPCH          = $F00D = 61453          pc1600-rom-dumper.asm:90 (unused)
PARPCL          = $F00C = 61452          pc1600-rom-dumper.asm:89
PARXH           = $F007 = 61447          pc1600-rom-dumper.asm:88 (unused)
PARXL           = $F006 = 61446          pc1600-rom-dumper.asm:87
PORT3D          = $003D =    61          pc1600-rom-dumper.asm:80
PORT3D_M        = $F07D = 61565          pc1600-rom-dumper.asm:81
PRTASTR         = $00EB =   235          pc1600-rom-dumper.asm:73
SEND_PAGE       = $C2CA = 49866  CODE    pc1600-rom-dumper.asm:421
SERIAL          = $01D8 =   472          pc1600-rom-dumper.asm:77
SET_PORT3D      = $C2A3 = 49827  CODE    pc1600-rom-dumper.asm:382
S_CSNDA         = $0003 =     3          pc1600-rom-dumper.asm:78
all_done        = $C175 = 49525  CODE    pc1600-rom-dumper.asm:195
bhl_loop        = $C535 = 50485  CODE    pc1600-rom-dumper.asm:809
cs_loop         = $C2B5 = 49845  CODE    pc1600-rom-dumper.asm:398
cs_noc          = $C2C2 = 49858  CODE    pc1600-rom-dumper.asm:407
dump_done       = $C1EB = 49643  CODE    pc1600-rom-dumper.asm:266
dump_error      = $C1BD = 49597  CODE    pc1600-rom-dumper.asm:244
dump_loop       = $C19E = 49566  CODE    pc1600-rom-dumper.asm:225
dump_next       = $C1B1 = 49585  CODE    pc1600-rom-dumper.asm:233
dump_run        = $C19B = 49563  CODE    pc1600-rom-dumper.asm:223
dump_start      = $C191 = 49553  CODE    pc1600-rom-dumper.asm:216
dump_table      = $C5C6 = 50630  CODE    pc1600-rom-dumper.asm:908
fn_lh5803       = $C727 = 50983  CODE    pc1600-rom-dumper.asm:952
fn_p0b0         = $C7D0 = 51152  CODE    pc1600-rom-dumper.asm:962
fn_p1b0         = $C7E1 = 51169  CODE    pc1600-rom-dumper.asm:963
fn_p1b1         = $C953 = 51539  CODE    pc1600-rom-dumper.asm:983
fn_p1b2         = $C964 = 51556  CODE    pc1600-rom-dumper.asm:984
fn_p1b3         = $C7F2 = 51186  CODE    pc1600-rom-dumper.asm:964
fn_p1b3b        = $C803 = 51203  CODE    pc1600-rom-dumper.asm:965
fn_p1b4         = $C815 = 51221  CODE    pc1600-rom-dumper.asm:966
fn_p1b5         = $C82E = 51246  CODE    pc1600-rom-dumper.asm:967
fn_p1b6         = $C975 = 51573  CODE    pc1600-rom-dumper.asm:985
fn_p1b7         = $C986 = 51590  CODE    pc1600-rom-dumper.asm:986
fn_p2b0         = $C997 = 51607  CODE    pc1600-rom-dumper.asm:987
fn_p2b1         = $C9A8 = 51624  CODE    pc1600-rom-dumper.asm:988
fn_p2b2         = $C9B9 = 51641  CODE    pc1600-rom-dumper.asm:989
fn_p2b3         = $C9CA = 51658  CODE    pc1600-rom-dumper.asm:990
fn_p2b4         = $C9DB = 51675  CODE    pc1600-rom-dumper.asm:991
fn_p2b4k        = $C9EC = 51692  CODE    pc1600-rom-dumper.asm:992
fn_p2b5         = $CA03 = 51715  CODE    pc1600-rom-dumper.asm:993
fn_p2b6         = $C84C = 51276  CODE    pc1600-rom-dumper.asm:968
fn_p2b7         = $CA14 = 51732  CODE    pc1600-rom-dumper.asm:994
hex_byte        = $C559 = 50521  CODE    pc1600-rom-dumper.asm:850
hex_byte_to_de  = $C551 = 50513  CODE    pc1600-rom-dumper.asm:840
hex_nibble      = $C562 = 50530  CODE    pc1600-rom-dumper.asm:858
hn1             = $C56A = 50538  CODE    pc1600-rom-dumper.asm:863
lbl_computing   = $C704 = 50948  CODE    pc1600-rom-dumper.asm:950
lbl_d_p0b0      = $C743 = 51011  CODE    pc1600-rom-dumper.asm:954
lbl_d_p1b0      = $C757 = 51031  CODE    pc1600-rom-dumper.asm:955
lbl_d_p1b1      = $C85D = 51293  CODE    pc1600-rom-dumper.asm:970
lbl_d_p1b2      = $C871 = 51313  CODE    pc1600-rom-dumper.asm:971
lbl_d_p1b3      = $C76B = 51051  CODE    pc1600-rom-dumper.asm:956
lbl_d_p1b3b     = $C77F = 51071  CODE    pc1600-rom-dumper.asm:957
lbl_d_p1b4      = $C794 = 51092  CODE    pc1600-rom-dumper.asm:958
lbl_d_p1b5      = $C7A8 = 51112  CODE    pc1600-rom-dumper.asm:959
lbl_d_p1b6      = $C885 = 51333  CODE    pc1600-rom-dumper.asm:972
lbl_d_p1b7      = $C899 = 51353  CODE    pc1600-rom-dumper.asm:973
lbl_d_p2b0      = $C8AD = 51373  CODE    pc1600-rom-dumper.asm:974
lbl_d_p2b1      = $C8C1 = 51393  CODE    pc1600-rom-dumper.asm:975
lbl_d_p2b2      = $C8D5 = 51413  CODE    pc1600-rom-dumper.asm:976
lbl_d_p2b3      = $C8E9 = 51433  CODE    pc1600-rom-dumper.asm:977
lbl_d_p2b4      = $C8FD = 51453  CODE    pc1600-rom-dumper.asm:978
lbl_d_p2b4k     = $C911 = 51473  CODE    pc1600-rom-dumper.asm:979
lbl_d_p2b5      = $C92B = 51499  CODE    pc1600-rom-dumper.asm:980
lbl_d_p2b6      = $C7BC = 51132  CODE    pc1600-rom-dumper.asm:960
lbl_d_p2b7      = $C93F = 51519  CODE    pc1600-rom-dumper.asm:981
lbl_done        = $CA39 = 51769  CODE    pc1600-rom-dumper.asm:998
lbl_empty_key   = $C6DC = 50908  CODE    pc1600-rom-dumper.asm:947
lbl_error       = $C6B5 = 50869  CODE    pc1600-rom-dumper.asm:945
lbl_lh5803      = $C6EF = 50927  CODE    pc1600-rom-dumper.asm:949
lbl_lh5803_unstable = $C711 = 50961  CODE    pc1600-rom-dumper.asm:951
lbl_menu1       = $C673 = 50803  CODE    pc1600-rom-dumper.asm:941
lbl_menu2       = $C685 = 50821  CODE    pc1600-rom-dumper.asm:942
lbl_menu3       = $C69A = 50842  CODE    pc1600-rom-dumper.asm:943
lbl_menu4       = $C6A7 = 50855  CODE    pc1600-rom-dumper.asm:944
lbl_p1_b0       = $CA4F = 51791  CODE    pc1600-rom-dumper.asm:1000
lbl_p1_b1       = $CA5E = 51806  CODE    pc1600-rom-dumper.asm:1001
lbl_p1_b2       = $CA6D = 51821  CODE    pc1600-rom-dumper.asm:1002
lbl_p1_b3       = $CA7C = 51836  CODE    pc1600-rom-dumper.asm:1003
lbl_p1_b3b      = $CA8B = 51851  CODE    pc1600-rom-dumper.asm:1004
lbl_p1_b4       = $CA9B = 51867  CODE    pc1600-rom-dumper.asm:1005
lbl_p1_b5       = $CAB2 = 51890  CODE    pc1600-rom-dumper.asm:1006
lbl_p1_b6       = $CACA = 51914  CODE    pc1600-rom-dumper.asm:1007
lbl_p1_b7       = $CAD9 = 51929  CODE    pc1600-rom-dumper.asm:1008
lbl_p2_b0       = $CAE8 = 51944  CODE    pc1600-rom-dumper.asm:1010
lbl_p2_b1       = $CAF7 = 51959  CODE    pc1600-rom-dumper.asm:1011
lbl_p2_b2       = $CB06 = 51974  CODE    pc1600-rom-dumper.asm:1012
lbl_p2_b3       = $CB15 = 51989  CODE    pc1600-rom-dumper.asm:1013
lbl_p2_b4       = $CB24 = 52004  CODE    pc1600-rom-dumper.asm:1014
lbl_p2_b4k      = $CB33 = 52019  CODE    pc1600-rom-dumper.asm:1015
lbl_p2_b5       = $CB48 = 52040  CODE    pc1600-rom-dumper.asm:1016
lbl_p2_b6       = $CB57 = 52055  CODE    pc1600-rom-dumper.asm:1017
lbl_p2_b7       = $CB6C = 52076  CODE    pc1600-rom-dumper.asm:1018
lbl_page0       = $CA25 = 51749  CODE    pc1600-rom-dumper.asm:997
lbl_press_key   = $C6CA = 50890  CODE    pc1600-rom-dumper.asm:946
lcs_loop        = $C32A = 49962  CODE    pc1600-rom-dumper.asm:500
lcs_noc         = $C338 = 49976  CODE    pc1600-rom-dumper.asm:508
lh5803_addr     = $CBC7 = 52167  CODE    pc1600-rom-dumper.asm:1036
lh5803_chk      = $CBCB = 52171  CODE    pc1600-rom-dumper.asm:1038
lh5803_count    = $CBC9 = 52169  CODE    pc1600-rom-dumper.asm:1037
lh5803_done     = $C40C = 50188  CODE    pc1600-rom-dumper.asm:629
lh5803_dump_start = $C381 = 50049  CODE    pc1600-rom-dumper.asm:557
lh5803_selftest_ok = $C316 = 49942  CODE    pc1600-rom-dumper.asm:484
lh5803_selftest_tmp = $CBCD = 52173  CODE    pc1600-rom-dumper.asm:1039
lh5803_stub     = $CB7B = 52091  CODE    pc1600-rom-dumper.asm:1028
lh5803_unstable = $C40D = 50189  CODE    pc1600-rom-dumper.asm:632
line_buf        = $CB95 = 52117  CODE    pc1600-rom-dumper.asm:1032
line_buf2       = $CBAD = 52141  CODE    pc1600-rom-dumper.asm:1033
lsend_error     = $C37F = 50047  CODE    pc1600-rom-dumper.asm:549
lsend_loop      = $C35E = 50014  CODE    pc1600-rom-dumper.asm:532
menu_wait       = $C0FE = 49406  CODE    pc1600-rom-dumper.asm:129
other_dump_start = $C197 = 49559  CODE    pc1600-rom-dumper.asm:221
other_table     = $C606 = 50694  CODE    pc1600-rom-dumper.asm:925
p1_first_read   = $C432 = 50226  CODE    pc1600-rom-dumper.asm:655
p1_loop         = $C143 = 49475  CODE    pc1600-rom-dumper.asm:164
p2_loop         = $C15E = 49502  CODE    pc1600-rom-dumper.asm:181
p2_start        = $C15A = 49498  CODE    pc1600-rom-dumper.asm:178
page1_table     = $C573 = 50547  CODE    pc1600-rom-dumper.asm:876
page2_table     = $C5A1 = 50593  CODE    pc1600-rom-dumper.asm:889
page_and        = $CBC6 = 52166  CODE    pc1600-rom-dumper.asm:1035
rde_have_port3d = $C21E = 49694  CODE    pc1600-rom-dumper.asm:302
rde_no_bankset  = $C215 = 49685  CODE    pc1600-rom-dumper.asm:297
rde_prompt      = $C287 = 49799  CODE    pc1600-rom-dumper.asm:355
rde_skip        = $C2A1 = 49825  CODE    pc1600-rom-dumper.asm:373
run_dump_entry  = $C207 = 49671  CODE    pc1600-rom-dumper.asm:289
run_page1_entry = $C417 = 50199  CODE    pc1600-rom-dumper.asm:642
run_page2_entry = $C458 = 50264  CODE    pc1600-rom-dumper.asm:676
send_err_code   = $CBC5 = 52165  CODE    pc1600-rom-dumper.asm:1034
show_label      = $C4A4 = 50340  CODE    pc1600-rom-dumper.asm:715
show_samples    = $C48D = 50317  CODE    pc1600-rom-dumper.asm:702
show_status     = $C4B4 = 50356  CODE    pc1600-rom-dumper.asm:735
sp_error        = $C2E1 = 49889  CODE    pc1600-rom-dumper.asm:439
sp_loop         = $C2CD = 49869  CODE    pc1600-rom-dumper.asm:423
ss_bankread     = $C4C8 = 50376  CODE    pc1600-rom-dumper.asm:747
ss_none         = $C4FC = 50428  CODE    pc1600-rom-dumper.asm:771
ss_p1           = $C4C2 = 50370  CODE    pc1600-rom-dumper.asm:744
ss_p2           = $C4C6 = 50374  CODE    pc1600-rom-dumper.asm:746
ss_ram          = $C500 = 50432  CODE    pc1600-rom-dumper.asm:773
ss_rom          = $C504 = 50436  CODE    pc1600-rom-dumper.asm:775
ss_tag          = $C506 = 50438  CODE    pc1600-rom-dumper.asm:776
start           = $C0C5 = 49349  CODE    pc1600-rom-dumper.asm:98 (unused)
status_buf      = $CB7D = 52093  CODE    pc1600-rom-dumper.asm:1031
sweep_start     = $C117 = 49431  CODE    pc1600-rom-dumper.asm:143
wait_key        = $C56F = 50543  CODE    pc1600-rom-dumper.asm:870


total time: 0.0039 sec.
no errors
